PHPUnit 7.2.4 by Sebastian Bergmann and contributors.
