PHPUnit 7.2.4 by Sebastian Bergmann and contributors.

.....                                                               5 / 5 (100%)

Time: 120 ms, Memory: 13.50MB

OK (5 tests, 5 assertions)
