PHPUnit 7.2.4 by Sebastian Bergmann and contributors.

.F                                                                  2 / 2 (100%)

Time: 129 ms, Memory: 13.50MB

There was 1 failure:

1) RestaurantCheckTest::testWithNoTip
Failed asserting that 110.0 matches expected 120.

RestaurantCheckTest.php:38

FAILURES!
Tests: 2, Assertions: 2, Failures: 1.
