PHPUnit 7.2.4 by Sebastian Bergmann and contributors.

.                                                                   1 / 1 (100%)

Time: 24 ms, Memory: 4.00MB

OK (1 test, 1 assertion)
